Point 0 : {1, 2, 3, 4, 5, 6, 7, 8, 9, 10}
Seed 0 : {1, 2, 3, 4, 5, 6, 7, 8, 9, 10}
0 11
1 12
2 13
3 14
4 15
5 16
6 17
7 18
8 19
9 20
Point 0 : {11, 12, 13, 14, 15, 16, 17, 18, 19, 20}
Seed 0 : {11, 12, 13, 14, 15, 16, 17, 18, 19, 20}
0 1
1 2
2 3
3 4
4 5
5 6
6 7
7 8
8 9
9 10
